
.Def:LQW18ANR33G00_mod _netPORT1 _netPORT2 _ref
  .Def:LQW18ANR33G00 _ref _netPORT1 _netPORT2
  C:C1 _netPORT1 _netPORT2 C="1.54e-14"
  L:L2 _netPORT1 _net1 L="3.71e-07"
  R:R2 _net1 _netPORT2 R="3.93"
  R:R3 _netPORT1 _netPORT2 R="177000"
  L:L4 _netPORT1 _net2 L="4.91e-06"
  R:R4 _net2 _netPORT2 R="140"
  L:L5 _netPORT1 _net3 L="1.6e-05"
  R:R5 _net3 _netPORT2 R="5920"
  L:L6 _netPORT1 _net4 L="3.86e-05"
  R:R6 _net4 _netPORT2 R="79400"
  L:L7 _netPORT1 _net5 L="0.000101"
  C:C7 _net5 _net6 C="6.56e-17"
  R:R7 _net6 _netPORT2 R="223000"
  L:L8 _netPORT1 _net7 L="5.19e-07"
  C:C8 _net7 _net8 C="5.22e-15"
  R:R8 _net8 _netPORT2 R="251"
  L:L9 _netPORT1 _net9 L="2.36e-05"
  C:C9 _net9 _net10 C="6.86e-17"
  R:R9 _net10 _netPORT2 R="82900"
  L:L10 _netPORT1 _net11 L="2.29e-07"
  C:C10 _net11 _net12 C="3.62e-15"
  R:R10 _net12 _netPORT2 R="251"
  L:L11 _netPORT1 _net13 L="1.33e-07"
  C:C11 _net13 _net14 C="2.92e-15"
  R:R11 _net14 _netPORT2 R="335"
  L:L12 _netPORT1 _net15 L="1.09e-07"
  C:C12 _net15 _net16 C="2.02e-15"
  R:R12 _net16 _netPORT2 R="371"
  L:L13 _netPORT1 _net17 L="1.54e-07"
  C:C13 _net17 _net18 C="9.13e-16"
  R:R13 _net18 _netPORT2 R="246"
  L:L14 _netPORT1 _net19 L="4.85e-08"
  C:C14 _net19 _net20 C="2.09e-15"
  R:R14 _net20 _netPORT2 R="212"
  L:L15 _netPORT1 _net21 L="1.97e-08"
  C:C15 _net21 _net22 C="3.6e-15"
  R:R15 _net22 _netPORT2 R="144"
  .Def:End
  Sub:X1 _ref _netPORT1 _netPORT2 Type="LQW18ANR33G00"
.Def:End

