
.Def:LQW18ANR27G00_mod _netPORT1 _netPORT2 _ref
  .Def:LQW18ANR27G00 _ref _netPORT1 _netPORT2
  C:C1 _netPORT1 _netPORT2 C="3.07e-15"
  L:L2 _netPORT1 _net1 L="2.92e-07"
  R:R2 _net1 _netPORT2 R="2.43"
  R:R3 _netPORT1 _netPORT2 R="200000"
  L:L4 _netPORT1 _net2 L="5.05e-06"
  R:R4 _net2 _netPORT2 R="135"
  L:L5 _netPORT1 _net3 L="1.08e-05"
  R:R5 _net3 _netPORT2 R="5300"
  L:L6 _netPORT1 _net4 L="2.8e-05"
  R:R6 _net4 _netPORT2 R="83600"
  L:L7 _netPORT1 _net5 L="0.000423"
  C:C7 _net5 _net6 C="1.71e-17"
  R:R7 _net6 _netPORT2 R="383000"
  L:L8 _netPORT1 _net7 L="4.5e-07"
  C:C8 _net7 _net8 C="4.93e-15"
  R:R8 _net8 _netPORT2 R="301"
  L:L9 _netPORT1 _net9 L="8.93e-06"
  C:C9 _net9 _net10 C="1.25e-16"
  R:R9 _net10 _netPORT2 R="34500"
  L:L10 _netPORT1 _net11 L="1.62e-07"
  C:C10 _net11 _net12 C="4.15e-15"
  R:R10 _net12 _netPORT2 R="277"
  L:L11 _netPORT1 _net13 L="1.11e-07"
  C:C11 _net13 _net14 C="2.82e-15"
  R:R11 _net14 _netPORT2 R="575"
  L:L12 _netPORT1 _net15 L="5.1e-08"
  C:C12 _net15 _net16 C="3.51e-15"
  R:R12 _net16 _netPORT2 R="354"
  L:L13 _netPORT1 _net17 L="1.5e-08"
  C:C13 _net17 _net18 C="7.27e-15"
  R:R13 _net18 _netPORT2 R="222"
  L:L14 _netPORT1 _net19 L="1.62e-08"
  C:C14 _net19 _net20 C="4.48e-15"
  R:R14 _net20 _netPORT2 R="163"
  .Def:End
  Sub:X1 _ref _netPORT1 _netPORT2 Type="LQW18ANR27G00"
.Def:End

